src/data/ideophonesImportBatch1.ts(17,31): error TS1005: ',' expected.
src/data/ideophonesImportBatch1.ts(17,35): error TS1005: ',' expected.
src/data/ideophonesImportBatch1.ts(17,123): error TS1002: Unterminated string literal.
src/data/ideophonesImportBatch1.ts(18,3): error TS1005: ':' expected.
src/data/ideophonesImportBatch1.ts(19,3): error TS1136: Property assignment expected.
src/data/vocabEntriesN5.ts(1009,5): error TS1128: Declaration or statement expected.
src/data/vocabEntriesN5.ts(1009,6): error TS1128: Declaration or statement expected.
src/data/vocabEntriesN5.ts(1010,24): error TS1005: ';' expected.
src/data/vocabEntriesN5.ts(1010,38): error TS1005: ';' expected.
src/data/vocabEntriesN5.ts(1010,52): error TS1005: ';' expected.
src/data/vocabEntriesN5.ts(1010,69): error TS1005: ';' expected.
src/data/vocabEntriesN5.ts(1010,86): error TS1005: ';' expected.
src/data/vocabEntriesN5.ts(1010,99): error TS1005: ';' expected.
src/data/vocabEntriesN5.ts(1010,116): error TS1005: ';' expected.
src/data/vocabEntriesN5.ts(1011,9): error TS1005: ';' expected.
src/data/vocabEntriesN5.ts(1012,13): error TS1005: ';' expected.
src/data/vocabEntriesN5.ts(1012,80): error TS1128: Declaration or statement expected.
src/data/vocabEntriesN5.ts(1013,27): error TS1005: ';' expected.
src/data/vocabEntriesN5.ts(1013,42): error TS1005: ';' expected.
src/data/vocabEntriesN5.ts(1013,58): error TS1005: ';' expected.
src/data/vocabEntriesN5.ts(1013,78): error TS1005: ';' expected.
src/data/vocabEntriesN5.ts(1013,98): error TS1005: ';' expected.
src/data/vocabEntriesN5.ts(1013,116): error TS1005: ';' expected.
src/data/vocabEntriesN5.ts(1013,133): error TS1005: ';' expected.
src/data/vocabEntriesN5.ts(1014,9): error TS1005: ';' expected.
src/data/vocabEntriesN5.ts(1015,13): error TS1005: ';' expected.
src/data/vocabEntriesN5.ts(1015,87): error TS1128: Declaration or statement expected.
src/data/vocabEntriesN5.ts(1018,24): error TS1005: ';' expected.
src/data/vocabEntriesN5.ts(1018,38): error TS1005: ';' expected.
src/data/vocabEntriesN5.ts(1018,52): error TS1005: ';' expected.
src/data/vocabEntriesN5.ts(1018,69): error TS1005: ';' expected.
src/data/vocabEntriesN5.ts(1018,90): error TS1005: ';' expected.
src/data/vocabEntriesN5.ts(1018,105): error TS1005: ';' expected.
src/data/vocabEntriesN5.ts(1018,122): error TS1005: ';' expected.
src/data/vocabEntriesN5.ts(1019,9): error TS1005: ';' expected.
src/data/vocabEntriesN5.ts(1020,13): error TS1005: ';' expected.
src/data/vocabEntriesN5.ts(1020,83): error TS1128: Declaration or statement expected.
src/data/vocabEntriesN5.ts(1021,24): error TS1005: ';' expected.
src/data/vocabEntriesN5.ts(1021,38): error TS1005: ';' expected.
src/data/vocabEntriesN5.ts(1021,52): error TS1005: ';' expected.
src/data/vocabEntriesN5.ts(1021,69): error TS1005: ';' expected.
src/data/vocabEntriesN5.ts(1021,85): error TS1005: ';' expected.
src/data/vocabEntriesN5.ts(1021,100): error TS1005: ';' expected.
src/data/vocabEntriesN5.ts(1021,117): error TS1005: ';' expected.
src/data/vocabEntriesN5.ts(1022,9): error TS1005: ';' expected.
src/data/vocabEntriesN5.ts(1023,13): error TS1005: ';' expected.
src/data/vocabEntriesN5.ts(1023,76): error TS1128: Declaration or statement expected.
src/data/vocabEntriesN5.ts(1024,24): error TS1005: ';' expected.
src/data/vocabEntriesN5.ts(1024,38): error TS1005: ';' expected.
src/data/vocabEntriesN5.ts(1024,52): error TS1005: ';' expected.
src/data/vocabEntriesN5.ts(1024,69): error TS1005: ';' expected.
src/data/vocabEntriesN5.ts(1024,87): error TS1005: ';' expected.
src/data/vocabEntriesN5.ts(1024,102): error TS1005: ';' expected.
src/data/vocabEntriesN5.ts(1024,119): error TS1005: ';' expected.
src/data/vocabEntriesN5.ts(1025,9): error TS1005: ';' expected.
src/data/vocabEntriesN5.ts(1026,13): error TS1005: ';' expected.
src/data/vocabEntriesN5.ts(1026,87): error TS1128: Declaration or statement expected.
src/data/vocabEntriesN5.ts(1027,25): error TS1005: ';' expected.
src/data/vocabEntriesN5.ts(1027,39): error TS1005: ';' expected.
src/data/vocabEntriesN5.ts(1027,53): error TS1005: ';' expected.
src/data/vocabEntriesN5.ts(1027,70): error TS1005: ';' expected.
src/data/vocabEntriesN5.ts(1027,86): error TS1005: ';' expected.
src/data/vocabEntriesN5.ts(1027,99): error TS1005: ';' expected.
src/data/vocabEntriesN5.ts(1027,116): error TS1005: ';' expected.
src/data/vocabEntriesN5.ts(1028,9): error TS1005: ';' expected.
src/data/vocabEntriesN5.ts(1029,13): error TS1005: ';' expected.
src/data/vocabEntriesN5.ts(1030,12): error TS1005: ';' expected.
src/data/vocabEntriesN5.ts(1030,69): error TS1128: Declaration or statement expected.
src/data/vocabEntriesN5.ts(1031,22): error TS1005: ';' expected.
src/data/vocabEntriesN5.ts(1031,36): error TS1005: ';' expected.
src/data/vocabEntriesN5.ts(1031,49): error TS1005: ';' expected.
src/data/vocabEntriesN5.ts(1031,64): error TS1005: ';' expected.
src/data/vocabEntriesN5.ts(1031,80): error TS1005: ';' expected.
src/data/vocabEntriesN5.ts(1031,93): error TS1005: ';' expected.
src/data/vocabEntriesN5.ts(1031,110): error TS1005: ';' expected.
src/data/vocabEntriesN5.ts(1032,9): error TS1005: ';' expected.
src/data/vocabEntriesN5.ts(1033,13): error TS1005: ';' expected.
src/data/vocabEntriesN5.ts(1033,89): error TS1128: Declaration or statement expected.
src/data/vocabEntriesN5.ts(1034,24): error TS1005: ';' expected.
src/data/vocabEntriesN5.ts(1034,38): error TS1005: ';' expected.
src/data/vocabEntriesN5.ts(1034,52): error TS1005: ';' expected.
src/data/vocabEntriesN5.ts(1034,69): error TS1005: ';' expected.
src/data/vocabEntriesN5.ts(1034,86): error TS1005: ';' expected.
src/data/vocabEntriesN5.ts(1034,101): error TS1005: ';' expected.
src/data/vocabEntriesN5.ts(1034,118): error TS1005: ';' expected.
src/data/vocabEntriesN5.ts(1035,9): error TS1005: ';' expected.
src/data/vocabEntriesN5.ts(1036,13): error TS1005: ';' expected.
src/data/vocabEntriesN5.ts(1036,78): error TS1128: Declaration or statement expected.
src/data/vocabEntriesN5.ts(1037,23): error TS1005: ';' expected.
src/data/vocabEntriesN5.ts(1037,37): error TS1005: ';' expected.
src/data/vocabEntriesN5.ts(1037,51): error TS1005: ';' expected.
src/data/vocabEntriesN5.ts(1037,67): error TS1005: ';' expected.
src/data/vocabEntriesN5.ts(1037,83): error TS1005: ';' expected.
src/data/vocabEntriesN5.ts(1037,99): error TS1005: ';' expected.
src/data/vocabEntriesN5.ts(1037,116): error TS1005: ';' expected.
src/data/vocabEntriesN5.ts(1038,9): error TS1005: ';' expected.
src/data/vocabEntriesN5.ts(1039,13): error TS1005: ';' expected.
src/data/vocabEntriesN5.ts(1040,13): error TS1005: ';' expected.
src/data/vocabEntriesN5.ts(1040,63): error TS1128: Declaration or statement expected.
src/data/vocabEntriesN5.ts(1041,24): error TS1005: ';' expected.
src/data/vocabEntriesN5.ts(1041,38): error TS1005: ';' expected.
src/data/vocabEntriesN5.ts(1041,52): error TS1005: ';' expected.
src/data/vocabEntriesN5.ts(1041,69): error TS1005: ';' expected.
src/data/vocabEntriesN5.ts(1041,85): error TS1005: ';' expected.
src/data/vocabEntriesN5.ts(1041,99): error TS1005: ';' expected.
src/data/vocabEntriesN5.ts(1041,116): error TS1005: ';' expected.
src/data/vocabEntriesN5.ts(1042,9): error TS1005: ';' expected.
src/data/vocabEntriesN5.ts(1043,13): error TS1005: ';' expected.
src/data/vocabEntriesN5.ts(1043,75): error TS1128: Declaration or statement expected.
src/data/vocabEntriesN5.ts(1044,24): error TS1005: ';' expected.
src/data/vocabEntriesN5.ts(1044,38): error TS1005: ';' expected.
src/data/vocabEntriesN5.ts(1044,52): error TS1005: ';' expected.
src/data/vocabEntriesN5.ts(1044,69): error TS1005: ';' expected.
src/data/vocabEntriesN5.ts(1044,86): error TS1005: ';' expected.
src/data/vocabEntriesN5.ts(1044,100): error TS1005: ';' expected.
src/data/vocabEntriesN5.ts(1044,117): error TS1005: ';' expected.
src/data/vocabEntriesN5.ts(1045,9): error TS1005: ';' expected.
src/data/vocabEntriesN5.ts(1046,13): error TS1005: ';' expected.
src/data/vocabEntriesN5.ts(1046,86): error TS1128: Declaration or statement expected.
src/data/vocabEntriesN5.ts(1049,23): error TS1005: ';' expected.
src/data/vocabEntriesN5.ts(1049,37): error TS1005: ';' expected.
src/data/vocabEntriesN5.ts(1049,51): error TS1005: ';' expected.
src/data/vocabEntriesN5.ts(1049,67): error TS1005: ';' expected.
src/data/vocabEntriesN5.ts(1049,89): error TS1005: ';' expected.
src/data/vocabEntriesN5.ts(1049,104): error TS1005: ';' expected.
src/data/vocabEntriesN5.ts(1049,121): error TS1005: ';' expected.
src/data/vocabEntriesN5.ts(1050,9): error TS1005: ';' expected.
src/data/vocabEntriesN5.ts(1051,13): error TS1005: ';' expected.
src/data/vocabEntriesN5.ts(1051,86): error TS1128: Declaration or statement expected.
src/data/vocabEntriesN5.ts(1052,24): error TS1005: ';' expected.
src/data/vocabEntriesN5.ts(1052,38): error TS1005: ';' expected.
src/data/vocabEntriesN5.ts(1052,52): error TS1005: ';' expected.
src/data/vocabEntriesN5.ts(1052,69): error TS1005: ';' expected.
src/data/vocabEntriesN5.ts(1052,91): error TS1005: ';' expected.
src/data/vocabEntriesN5.ts(1052,104): error TS1005: ';' expected.
src/data/vocabEntriesN5.ts(1052,121): error TS1005: ';' expected.
src/data/vocabEntriesN5.ts(1053,9): error TS1005: ';' expected.
src/data/vocabEntriesN5.ts(1054,13): error TS1005: ';' expected.
src/data/vocabEntriesN5.ts(1054,85): error TS1128: Declaration or statement expected.
src/data/vocabEntriesN5.ts(1055,24): error TS1005: ';' expected.
src/data/vocabEntriesN5.ts(1055,38): error TS1005: ';' expected.
src/data/vocabEntriesN5.ts(1055,52): error TS1005: ';' expected.
src/data/vocabEntriesN5.ts(1055,69): error TS1005: ';' expected.
src/data/vocabEntriesN5.ts(1055,95): error TS1005: ';' expected.
src/data/vocabEntriesN5.ts(1055,107): error TS1005: ';' expected.
src/data/vocabEntriesN5.ts(1055,124): error TS1005: ';' expected.
src/data/vocabEntriesN5.ts(1056,9): error TS1005: ';' expected.
src/data/vocabEntriesN5.ts(1057,13): error TS1005: ';' expected.
src/data/vocabEntriesN5.ts(1057,90): error TS1128: Declaration or statement expected.
src/data/vocabEntriesN5.ts(1058,23): error TS1005: ';' expected.
src/data/vocabEntriesN5.ts(1058,37): error TS1005: ';' expected.
src/data/vocabEntriesN5.ts(1058,51): error TS1005: ';' expected.
src/data/vocabEntriesN5.ts(1058,67): error TS1005: ';' expected.
src/data/vocabEntriesN5.ts(1058,83): error TS1005: ';' expected.
src/data/vocabEntriesN5.ts(1058,96): error TS1005: ';' expected.
src/data/vocabEntriesN5.ts(1058,113): error TS1005: ';' expected.
src/data/vocabEntriesN5.ts(1059,9): error TS1005: ';' expected.
src/data/vocabEntriesN5.ts(1060,13): error TS1005: ';' expected.
src/data/vocabEntriesN5.ts(1060,91): error TS1128: Declaration or statement expected.
src/data/vocabEntriesN5.ts(1061,27): error TS1005: ';' expected.
src/data/vocabEntriesN5.ts(1061,42): error TS1005: ';' expected.
src/data/vocabEntriesN5.ts(1061,59): error TS1005: ';' expected.
src/data/vocabEntriesN5.ts(1061,79): error TS1005: ';' expected.
src/data/vocabEntriesN5.ts(1061,102): error TS1005: ';' expected.
src/data/vocabEntriesN5.ts(1061,121): error TS1005: ';' expected.
src/data/vocabEntriesN5.ts(1061,138): error TS1005: ';' expected.
src/data/vocabEntriesN5.ts(1062,9): error TS1005: ';' expected.
src/data/vocabEntriesN5.ts(1063,13): error TS1005: ';' expected.
src/data/vocabEntriesN5.ts(1063,99): error TS1128: Declaration or statement expected.
src/data/vocabEntriesN5.ts(1064,27): error TS1005: ';' expected.
src/data/vocabEntriesN5.ts(1064,42): error TS1005: ';' expected.
src/data/vocabEntriesN5.ts(1064,59): error TS1005: ';' expected.
src/data/vocabEntriesN5.ts(1064,79): error TS1005: ';' expected.
src/data/vocabEntriesN5.ts(1064,100): error TS1005: ';' expected.
src/data/vocabEntriesN5.ts(1064,118): error TS1005: ';' expected.
src/data/vocabEntriesN5.ts(1064,135): error TS1005: ';' expected.
src/data/vocabEntriesN5.ts(1065,9): error TS1005: ';' expected.
src/data/vocabEntriesN5.ts(1066,13): error TS1005: ';' expected.
src/data/vocabEntriesN5.ts(1066,101): error TS1128: Declaration or statement expected.
src/data/vocabEntriesN5.ts(1067,28): error TS1005: ';' expected.
src/data/vocabEntriesN5.ts(1067,43): error TS1005: ';' expected.
src/data/vocabEntriesN5.ts(1067,59): error TS1005: ';' expected.
src/data/vocabEntriesN5.ts(1067,80): error TS1005: ';' expected.
src/data/vocabEntriesN5.ts(1067,104): error TS1005: ';' expected.
src/data/vocabEntriesN5.ts(1067,125): error TS1005: ';' expected.
src/data/vocabEntriesN5.ts(1067,142): error TS1005: ';' expected.
src/data/vocabEntriesN5.ts(1068,9): error TS1005: ';' expected.
src/data/vocabEntriesN5.ts(1069,13): error TS1005: ';' expected.
src/data/vocabEntriesN5.ts(1069,99): error TS1128: Declaration or statement expected.
src/data/vocabEntriesN5.ts(1070,28): error TS1005: ';' expected.
src/data/vocabEntriesN5.ts(1070,43): error TS1005: ';' expected.
src/data/vocabEntriesN5.ts(1070,59): error TS1005: ';' expected.
src/data/vocabEntriesN5.ts(1070,80): error TS1005: ';' expected.
src/data/vocabEntriesN5.ts(1070,102): error TS1005: ';' expected.
src/data/vocabEntriesN5.ts(1070,122): error TS1005: ';' expected.
src/data/vocabEntriesN5.ts(1070,139): error TS1005: ';' expected.
src/data/vocabEntriesN5.ts(1071,9): error TS1005: ';' expected.
src/data/vocabEntriesN5.ts(1072,13): error TS1005: ';' expected.
src/data/vocabEntriesN5.ts(1072,95): error TS1128: Declaration or statement expected.
src/data/vocabEntriesN5.ts(1073,26): error TS1005: ';' expected.
src/data/vocabEntriesN5.ts(1073,41): error TS1005: ';' expected.
src/data/vocabEntriesN5.ts(1073,57): error TS1005: ';' expected.
src/data/vocabEntriesN5.ts(1073,76): error TS1005: ';' expected.
src/data/vocabEntriesN5.ts(1073,98): error TS1005: ';' expected.
src/data/vocabEntriesN5.ts(1073,116): error TS1005: ';' expected.
src/data/vocabEntriesN5.ts(1073,133): error TS1005: ';' expected.
src/data/vocabEntriesN5.ts(1074,9): error TS1005: ';' expected.
src/data/vocabEntriesN5.ts(1075,13): error TS1005: ';' expected.
src/data/vocabEntriesN5.ts(1075,94): error TS1128: Declaration or statement expected.
src/data/vocabEntriesN5.ts(1076,26): error TS1005: ';' expected.
src/data/vocabEntriesN5.ts(1076,41): error TS1005: ';' expected.
src/data/vocabEntriesN5.ts(1076,57): error TS1005: ';' expected.
src/data/vocabEntriesN5.ts(1076,76): error TS1005: ';' expected.
src/data/vocabEntriesN5.ts(1076,96): error TS1005: ';' expected.
src/data/vocabEntriesN5.ts(1076,114): error TS1005: ';' expected.
src/data/vocabEntriesN5.ts(1076,131): error TS1005: ';' expected.
src/data/vocabEntriesN5.ts(1077,9): error TS1005: ';' expected.
src/data/vocabEntriesN5.ts(1078,13): error TS1005: ';' expected.
src/data/vocabEntriesN5.ts(1078,99): error TS1128: Declaration or statement expected.
src/data/vocabEntriesN5.ts(1081,25): error TS1005: ';' expected.
src/data/vocabEntriesN5.ts(1081,40): error TS1005: ';' expected.
src/data/vocabEntriesN5.ts(1081,55): error TS1005: ';' expected.
src/data/vocabEntriesN5.ts(1081,73): error TS1005: ';' expected.
src/data/vocabEntriesN5.ts(1081,89): error TS1005: ';' expected.
src/data/vocabEntriesN5.ts(1081,105): error TS1005: ';' expected.
src/data/vocabEntriesN5.ts(1081,125): error TS1005: ';' expected.
src/data/vocabEntriesN5.ts(1082,9): error TS1005: ';' expected.
src/data/vocabEntriesN5.ts(1083,13): error TS1005: ';' expected.
src/data/vocabEntriesN5.ts(1084,13): error TS1005: ';' expected.
src/data/vocabEntriesN5.ts(1084,67): error TS1128: Declaration or statement expected.
src/data/vocabEntriesN5.ts(1085,27): error TS1005: ';' expected.
src/data/vocabEntriesN5.ts(1085,42): error TS1005: ';' expected.
src/data/vocabEntriesN5.ts(1085,58): error TS1005: ';' expected.
src/data/vocabEntriesN5.ts(1085,78): error TS1005: ';' expected.
src/data/vocabEntriesN5.ts(1085,95): error TS1005: ';' expected.
src/data/vocabEntriesN5.ts(1085,109): error TS1005: ';' expected.
src/data/vocabEntriesN5.ts(1085,129): error TS1005: ';' expected.
src/data/vocabEntriesN5.ts(1086,9): error TS1005: ';' expected.
src/data/vocabEntriesN5.ts(1087,13): error TS1005: ';' expected.
src/data/vocabEntriesN5.ts(1087,83): error TS1128: Declaration or statement expected.
src/data/vocabEntriesN5.ts(1088,25): error TS1005: ';' expected.
src/data/vocabEntriesN5.ts(1088,40): error TS1005: ';' expected.
src/data/vocabEntriesN5.ts(1088,55): error TS1005: ';' expected.
src/data/vocabEntriesN5.ts(1088,73): error TS1005: ';' expected.
src/data/vocabEntriesN5.ts(1088,90): error TS1005: ';' expected.
src/data/vocabEntriesN5.ts(1088,105): error TS1005: ';' expected.
src/data/vocabEntriesN5.ts(1088,125): error TS1005: ';' expected.
src/data/vocabEntriesN5.ts(1089,9): error TS1005: ';' expected.
src/data/vocabEntriesN5.ts(1090,13): error TS1005: ';' expected.
src/data/vocabEntriesN5.ts(1091,13): error TS1005: ';' expected.
src/data/vocabEntriesN5.ts(1091,65): error TS1128: Declaration or statement expected.
src/data/vocabEntriesN5.ts(1092,25): error TS1005: ';' expected.
src/data/vocabEntriesN5.ts(1092,40): error TS1005: ';' expected.
src/data/vocabEntriesN5.ts(1092,55): error TS1005: ';' expected.
src/data/vocabEntriesN5.ts(1092,73): error TS1005: ';' expected.
src/data/vocabEntriesN5.ts(1092,95): error TS1005: ';' expected.
src/data/vocabEntriesN5.ts(1092,109): error TS1005: ';' expected.
src/data/vocabEntriesN5.ts(1092,129): error TS1005: ';' expected.
src/data/vocabEntriesN5.ts(1093,9): error TS1005: ';' expected.
src/data/vocabEntriesN5.ts(1094,13): error TS1005: ';' expected.
src/data/vocabEntriesN5.ts(1094,77): error TS1128: Declaration or statement expected.
src/data/vocabEntriesN5.ts(1095,26): error TS1005: ';' expected.
src/data/vocabEntriesN5.ts(1095,41): error TS1005: ';' expected.
src/data/vocabEntriesN5.ts(1095,56): error TS1005: ';' expected.
src/data/vocabEntriesN5.ts(1095,75): error TS1005: ';' expected.
src/data/vocabEntriesN5.ts(1095,98): error TS1005: ';' expected.
src/data/vocabEntriesN5.ts(1095,113): error TS1005: ';' expected.
src/data/vocabEntriesN5.ts(1095,133): error TS1005: ';' expected.
src/data/vocabEntriesN5.ts(1096,9): error TS1005: ';' expected.
src/data/vocabEntriesN5.ts(1097,13): error TS1005: ';' expected.
src/data/vocabEntriesN5.ts(1098,13): error TS1005: ';' expected.
src/data/vocabEntriesN5.ts(1098,65): error TS1128: Declaration or statement expected.
src/data/vocabEntriesN5.ts(1099,25): error TS1005: ';' expected.
src/data/vocabEntriesN5.ts(1099,40): error TS1005: ';' expected.
src/data/vocabEntriesN5.ts(1099,55): error TS1005: ';' expected.
src/data/vocabEntriesN5.ts(1099,73): error TS1005: ';' expected.
src/data/vocabEntriesN5.ts(1099,89): error TS1005: ';' expected.
src/data/vocabEntriesN5.ts(1099,104): error TS1005: ';' expected.
src/data/vocabEntriesN5.ts(1099,124): error TS1005: ';' expected.
src/data/vocabEntriesN5.ts(1100,9): error TS1005: ';' expected.
src/data/vocabEntriesN5.ts(1101,13): error TS1005: ';' expected.
src/data/vocabEntriesN5.ts(1101,79): error TS1128: Declaration or statement expected.
src/data/vocabEntriesN5.ts(1102,25): error TS1005: ';' expected.
src/data/vocabEntriesN5.ts(1102,40): error TS1005: ';' expected.
src/data/vocabEntriesN5.ts(1102,55): error TS1005: ';' expected.
src/data/vocabEntriesN5.ts(1102,73): error TS1005: ';' expected.
src/data/vocabEntriesN5.ts(1102,106): error TS1005: ';' expected.
src/data/vocabEntriesN5.ts(1102,120): error TS1005: ';' expected.
src/data/vocabEntriesN5.ts(1102,140): error TS1005: ';' expected.
src/data/vocabEntriesN5.ts(1103,9): error TS1005: ';' expected.
src/data/vocabEntriesN5.ts(1104,13): error TS1005: ';' expected.
src/data/vocabEntriesN5.ts(1105,13): error TS1005: ';' expected.
src/data/vocabEntriesN5.ts(1105,71): error TS1128: Declaration or statement expected.
src/data/vocabEntriesN5.ts(1106,25): error TS1005: ';' expected.
src/data/vocabEntriesN5.ts(1106,40): error TS1005: ';' expected.
src/data/vocabEntriesN5.ts(1106,55): error TS1005: ';' expected.
src/data/vocabEntriesN5.ts(1106,73): error TS1005: ';' expected.
src/data/vocabEntriesN5.ts(1106,95): error TS1005: ';' expected.
src/data/vocabEntriesN5.ts(1106,107): error TS1005: ';' expected.
src/data/vocabEntriesN5.ts(1106,127): error TS1005: ';' expected.
src/data/vocabEntriesN5.ts(1107,9): error TS1005: ';' expected.
src/data/vocabEntriesN5.ts(1108,13): error TS1005: ';' expected.
src/data/vocabEntriesN5.ts(1108,79): error TS1128: Declaration or statement expected.
src/data/vocabEntriesN5.ts(1109,24): error TS1005: ';' expected.
src/data/vocabEntriesN5.ts(1109,39): error TS1005: ';' expected.
src/data/vocabEntriesN5.ts(1109,54): error TS1005: ';' expected.
src/data/vocabEntriesN5.ts(1109,71): error TS1005: ';' expected.
src/data/vocabEntriesN5.ts(1109,88): error TS1005: ';' expected.
src/data/vocabEntriesN5.ts(1109,103): error TS1005: ';' expected.
src/data/vocabEntriesN5.ts(1109,123): error TS1005: ';' expected.
src/data/vocabEntriesN5.ts(1110,9): error TS1005: ';' expected.
src/data/vocabEntriesN5.ts(1111,13): error TS1005: ';' expected.
src/data/vocabEntriesN5.ts(1112,13): error TS1005: ';' expected.
src/data/vocabEntriesN5.ts(1112,65): error TS1128: Declaration or statement expected.
src/data/vocabEntriesN5.ts(1113,25): error TS1005: ';' expected.
src/data/vocabEntriesN5.ts(1113,40): error TS1005: ';' expected.
src/data/vocabEntriesN5.ts(1113,55): error TS1005: ';' expected.
src/data/vocabEntriesN5.ts(1113,73): error TS1005: ';' expected.
src/data/vocabEntriesN5.ts(1113,89): error TS1005: ';' expected.
src/data/vocabEntriesN5.ts(1113,104): error TS1005: ';' expected.
src/data/vocabEntriesN5.ts(1113,124): error TS1005: ';' expected.
src/data/vocabEntriesN5.ts(1114,9): error TS1005: ';' expected.
src/data/vocabEntriesN5.ts(1115,13): error TS1005: ';' expected.
src/data/vocabEntriesN5.ts(1115,79): error TS1128: Declaration or statement expected.
src/data/vocabEntriesN5.ts(1116,24): error TS1005: ';' expected.
src/data/vocabEntriesN5.ts(1116,39): error TS1005: ';' expected.
src/data/vocabEntriesN5.ts(1116,54): error TS1005: ';' expected.
src/data/vocabEntriesN5.ts(1116,71): error TS1005: ';' expected.
src/data/vocabEntriesN5.ts(1116,88): error TS1005: ';' expected.
src/data/vocabEntriesN5.ts(1116,101): error TS1005: ';' expected.
src/data/vocabEntriesN5.ts(1116,121): error TS1005: ';' expected.
src/data/vocabEntriesN5.ts(1117,9): error TS1005: ';' expected.
src/data/vocabEntriesN5.ts(1118,13): error TS1005: ';' expected.
src/data/vocabEntriesN5.ts(1119,13): error TS1005: ';' expected.
src/data/vocabEntriesN5.ts(1119,65): error TS1128: Declaration or statement expected.
src/data/vocabEntriesN5.ts(1120,25): error TS1005: ';' expected.
src/data/vocabEntriesN5.ts(1120,40): error TS1005: ';' expected.
src/data/vocabEntriesN5.ts(1120,55): error TS1005: ';' expected.
src/data/vocabEntriesN5.ts(1120,73): error TS1005: ';' expected.
src/data/vocabEntriesN5.ts(1120,89): error TS1005: ';' expected.
src/data/vocabEntriesN5.ts(1120,102): error TS1005: ';' expected.
src/data/vocabEntriesN5.ts(1120,122): error TS1005: ';' expected.
src/data/vocabEntriesN5.ts(1121,9): error TS1005: ';' expected.
src/data/vocabEntriesN5.ts(1122,13): error TS1005: ';' expected.
src/data/vocabEntriesN5.ts(1122,86): error TS1128: Declaration or statement expected.
src/data/vocabEntriesN5.ts(1123,24): error TS1005: ';' expected.
src/data/vocabEntriesN5.ts(1123,39): error TS1005: ';' expected.
src/data/vocabEntriesN5.ts(1123,54): error TS1005: ';' expected.
src/data/vocabEntriesN5.ts(1123,71): error TS1005: ';' expected.
src/data/vocabEntriesN5.ts(1123,87): error TS1005: ';' expected.
src/data/vocabEntriesN5.ts(1123,102): error TS1005: ';' expected.
src/data/vocabEntriesN5.ts(1123,122): error TS1005: ';' expected.
src/data/vocabEntriesN5.ts(1124,9): error TS1005: ';' expected.
src/data/vocabEntriesN5.ts(1125,13): error TS1005: ';' expected.
src/data/vocabEntriesN5.ts(1125,78): error TS1128: Declaration or statement expected.
src/data/vocabEntriesN5.ts(1126,30): error TS1005: ';' expected.
src/data/vocabEntriesN5.ts(1126,46): error TS1005: ';' expected.
src/data/vocabEntriesN5.ts(1126,63): error TS1005: ';' expected.
src/data/vocabEntriesN5.ts(1126,86): error TS1005: ';' expected.
src/data/vocabEntriesN5.ts(1126,102): error TS1005: ';' expected.
src/data/vocabEntriesN5.ts(1126,115): error TS1005: ';' expected.
src/data/vocabEntriesN5.ts(1126,135): error TS1005: ';' expected.
src/data/vocabEntriesN5.ts(1127,9): error TS1005: ';' expected.
src/data/vocabEntriesN5.ts(1128,13): error TS1005: ';' expected.
src/data/vocabEntriesN5.ts(1129,13): error TS1005: ';' expected.
src/data/vocabEntriesN5.ts(1129,66): error TS1128: Declaration or statement expected.
src/data/vocabEntriesN5.ts(1130,28): error TS1005: ';' expected.
src/data/vocabEntriesN5.ts(1130,44): error TS1005: ';' expected.
src/data/vocabEntriesN5.ts(1130,60): error TS1005: ';' expected.
src/data/vocabEntriesN5.ts(1130,81): error TS1005: ';' expected.
src/data/vocabEntriesN5.ts(1130,96): error TS1005: ';' expected.
src/data/vocabEntriesN5.ts(1130,108): error TS1005: ';' expected.
src/data/vocabEntriesN5.ts(1130,128): error TS1005: ';' expected.
src/data/vocabEntriesN5.ts(1131,9): error TS1005: ';' expected.
src/data/vocabEntriesN5.ts(1132,13): error TS1005: ';' expected.
src/data/vocabEntriesN5.ts(1133,10): error TS1005: ';' expected.
src/data/vocabEntriesN5.ts(1133,38): error TS1128: Declaration or statement expected.
src/data/vocabEntriesN5.ts(1136,25): error TS1005: ';' expected.
src/data/vocabEntriesN5.ts(1136,41): error TS1005: ';' expected.
src/data/vocabEntriesN5.ts(1136,56): error TS1005: ';' expected.
src/data/vocabEntriesN5.ts(1136,74): error TS1005: ';' expected.
src/data/vocabEntriesN5.ts(1136,97): error TS1005: ';' expected.
src/data/vocabEntriesN5.ts(1136,113): error TS1005: ';' expected.
src/data/vocabEntriesN5.ts(1137,9): error TS1005: ';' expected.
src/data/vocabEntriesN5.ts(1138,13): error TS1005: ';' expected.
src/data/vocabEntriesN5.ts(1139,10): error TS1005: ';' expected.
src/data/vocabEntriesN5.ts(1139,33): error TS1128: Declaration or statement expected.
src/data/vocabEntriesN5.ts(1140,26): error TS1005: ';' expected.
src/data/vocabEntriesN5.ts(1140,41): error TS1005: ';' expected.
src/data/vocabEntriesN5.ts(1140,57): error TS1005: ';' expected.
src/data/vocabEntriesN5.ts(1140,76): error TS1005: ';' expected.
src/data/vocabEntriesN5.ts(1140,104): error TS1005: ';' expected.
src/data/vocabEntriesN5.ts(1140,124): error TS1005: ';' expected.
src/data/vocabEntriesN5.ts(1140,140): error TS1005: ';' expected.
src/data/vocabEntriesN5.ts(1141,9): error TS1005: ';' expected.
src/data/vocabEntriesN5.ts(1142,13): error TS1005: ';' expected.
src/data/vocabEntriesN5.ts(1142,94): error TS1128: Declaration or statement expected.
src/data/vocabEntriesN5.ts(1143,28): error TS1005: ';' expected.
src/data/vocabEntriesN5.ts(1143,44): error TS1005: ';' expected.
src/data/vocabEntriesN5.ts(1143,60): error TS1005: ';' expected.
src/data/vocabEntriesN5.ts(1143,81): error TS1005: ';' expected.
src/data/vocabEntriesN5.ts(1143,106): error TS1005: ';' expected.
src/data/vocabEntriesN5.ts(1143,118): error TS1005: ';' expected.
src/data/vocabEntriesN5.ts(1143,134): error TS1005: ';' expected.
src/data/vocabEntriesN5.ts(1144,9): error TS1005: ';' expected.
src/data/vocabEntriesN5.ts(1145,13): error TS1005: ';' expected.
src/data/vocabEntriesN5.ts(1145,92): error TS1128: Declaration or statement expected.
src/data/vocabEntriesN5.ts(1146,25): error TS1005: ';' expected.
src/data/vocabEntriesN5.ts(1146,41): error TS1005: ';' expected.
src/data/vocabEntriesN5.ts(1146,58): error TS1005: ';' expected.
src/data/vocabEntriesN5.ts(1146,78): error TS1005: ';' expected.
src/data/vocabEntriesN5.ts(1146,100): error TS1005: ';' expected.
src/data/vocabEntriesN5.ts(1146,117): error TS1005: ';' expected.
src/data/vocabEntriesN5.ts(1146,133): error TS1005: ';' expected.
src/data/vocabEntriesN5.ts(1147,9): error TS1005: ';' expected.
src/data/vocabEntriesN5.ts(1148,13): error TS1005: ';' expected.
src/data/vocabEntriesN5.ts(1148,89): error TS1128: Declaration or statement expected.
src/data/vocabEntriesN5.ts(1149,27): error TS1005: ';' expected.
src/data/vocabEntriesN5.ts(1149,44): error TS1005: ';' expected.
src/data/vocabEntriesN5.ts(1149,60): error TS1005: ';' expected.
src/data/vocabEntriesN5.ts(1149,80): error TS1005: ';' expected.
src/data/vocabEntriesN5.ts(1149,109): error TS1005: ';' expected.
src/data/vocabEntriesN5.ts(1149,125): error TS1005: ';' expected.
src/data/vocabEntriesN5.ts(1150,9): error TS1005: ';' expected.
src/data/vocabEntriesN5.ts(1151,13): error TS1005: ';' expected.
src/data/vocabEntriesN5.ts(1151,93): error TS1128: Declaration or statement expected.
src/data/vocabEntriesN5.ts(1152,25): error TS1005: ';' expected.
src/data/vocabEntriesN5.ts(1152,41): error TS1005: ';' expected.
src/data/vocabEntriesN5.ts(1152,56): error TS1005: ';' expected.
src/data/vocabEntriesN5.ts(1152,74): error TS1005: ';' expected.
src/data/vocabEntriesN5.ts(1152,91): error TS1005: ';' expected.
src/data/vocabEntriesN5.ts(1152,107): error TS1005: ';' expected.
src/data/vocabEntriesN5.ts(1153,9): error TS1005: ';' expected.
src/data/vocabEntriesN5.ts(1154,13): error TS1005: ';' expected.
src/data/vocabEntriesN5.ts(1154,96): error TS1128: Declaration or statement expected.
src/data/vocabEntriesN5.ts(1155,26): error TS1005: ';' expected.
src/data/vocabEntriesN5.ts(1155,43): error TS1005: ';' expected.
src/data/vocabEntriesN5.ts(1155,59): error TS1005: ';' expected.
src/data/vocabEntriesN5.ts(1155,78): error TS1005: ';' expected.
src/data/vocabEntriesN5.ts(1155,95): error TS1005: ';' expected.
src/data/vocabEntriesN5.ts(1155,111): error TS1005: ';' expected.
src/data/vocabEntriesN5.ts(1156,9): error TS1005: ';' expected.
src/data/vocabEntriesN5.ts(1157,13): error TS1005: ';' expected.
src/data/vocabEntriesN5.ts(1157,94): error TS1128: Declaration or statement expected.
src/data/vocabEntriesN5.ts(1160,25): error TS1005: ';' expected.
src/data/vocabEntriesN5.ts(1160,40): error TS1005: ';' expected.
src/data/vocabEntriesN5.ts(1160,55): error TS1005: ';' expected.
src/data/vocabEntriesN5.ts(1160,73): error TS1005: ';' expected.
src/data/vocabEntriesN5.ts(1160,90): error TS1005: ';' expected.
src/data/vocabEntriesN5.ts(1160,103): error TS1005: ';' expected.
src/data/vocabEntriesN5.ts(1160,120): error TS1005: ';' expected.
src/data/vocabEntriesN5.ts(1161,9): error TS1005: ';' expected.
src/data/vocabEntriesN5.ts(1162,13): error TS1005: ';' expected.
src/data/vocabEntriesN5.ts(1162,82): error TS1128: Declaration or statement expected.
src/data/vocabEntriesN5.ts(1163,26): error TS1005: ';' expected.
src/data/vocabEntriesN5.ts(1163,41): error TS1005: ';' expected.
src/data/vocabEntriesN5.ts(1163,56): error TS1005: ';' expected.
src/data/vocabEntriesN5.ts(1163,75): error TS1005: ';' expected.
src/data/vocabEntriesN5.ts(1163,104): error TS1005: ';' expected.
src/data/vocabEntriesN5.ts(1163,123): error TS1005: ';' expected.
src/data/vocabEntriesN5.ts(1163,140): error TS1005: ';' expected.
src/data/vocabEntriesN5.ts(1164,9): error TS1005: ';' expected.
src/data/vocabEntriesN5.ts(1165,13): error TS1005: ';' expected.
src/data/vocabEntriesN5.ts(1165,98): error TS1128: Declaration or statement expected.
src/data/vocabEntriesN5.ts(1166,27): error TS1005: ';' expected.
src/data/vocabEntriesN5.ts(1166,43): error TS1005: ';' expected.
src/data/vocabEntriesN5.ts(1166,59): error TS1005: ';' expected.
src/data/vocabEntriesN5.ts(1166,79): error TS1005: ';' expected.
src/data/vocabEntriesN5.ts(1166,102): error TS1005: ';' expected.
src/data/vocabEntriesN5.ts(1166,124): error TS1005: ';' expected.
src/data/vocabEntriesN5.ts(1166,141): error TS1005: ';' expected.
src/data/vocabEntriesN5.ts(1167,9): error TS1005: ';' expected.
src/data/vocabEntriesN5.ts(1168,13): error TS1005: ';' expected.
src/data/vocabEntriesN5.ts(1168,92): error TS1128: Declaration or statement expected.
src/data/vocabEntriesN5.ts(1169,27): error TS1005: ';' expected.
src/data/vocabEntriesN5.ts(1169,42): error TS1005: ';' expected.
src/data/vocabEntriesN5.ts(1169,59): error TS1005: ';' expected.
src/data/vocabEntriesN5.ts(1169,79): error TS1005: ';' expected.
src/data/vocabEntriesN5.ts(1169,100): error TS1005: ';' expected.
src/data/vocabEntriesN5.ts(1169,120): error TS1005: ';' expected.
src/data/vocabEntriesN5.ts(1169,137): error TS1005: ';' expected.
src/data/vocabEntriesN5.ts(1170,9): error TS1005: ';' expected.
src/data/vocabEntriesN5.ts(1171,13): error TS1005: ';' expected.
src/data/vocabEntriesN5.ts(1171,91): error TS1128: Declaration or statement expected.
src/data/vocabEntriesN5.ts(1172,28): error TS1005: ';' expected.
src/data/vocabEntriesN5.ts(1172,43): error TS1005: ';' expected.
src/data/vocabEntriesN5.ts(1172,60): error TS1005: ';' expected.
src/data/vocabEntriesN5.ts(1172,81): error TS1005: ';' expected.
src/data/vocabEntriesN5.ts(1172,108): error TS1005: ';' expected.
src/data/vocabEntriesN5.ts(1172,124): error TS1005: ';' expected.
src/data/vocabEntriesN5.ts(1172,141): error TS1005: ';' expected.
src/data/vocabEntriesN5.ts(1173,9): error TS1005: ';' expected.
src/data/vocabEntriesN5.ts(1174,13): error TS1005: ';' expected.
src/data/vocabEntriesN5.ts(1174,82): error TS1128: Declaration or statement expected.
src/data/vocabEntriesN5.ts(1175,30): error TS1005: ';' expected.
src/data/vocabEntriesN5.ts(1175,45): error TS1005: ';' expected.
src/data/vocabEntriesN5.ts(1175,62): error TS1005: ';' expected.
src/data/vocabEntriesN5.ts(1175,85): error TS1005: ';' expected.
src/data/vocabEntriesN5.ts(1175,107): error TS1005: ';' expected.
src/data/vocabEntriesN5.ts(1175,126): error TS1005: ';' expected.
src/data/vocabEntriesN5.ts(1175,143): error TS1005: ';' expected.
src/data/vocabEntriesN5.ts(1176,9): error TS1005: ';' expected.
src/data/vocabEntriesN5.ts(1177,13): error TS1005: ';' expected.
src/data/vocabEntriesN5.ts(1177,97): error TS1128: Declaration or statement expected.
src/data/vocabEntriesN5.ts(1178,24): error TS1005: ';' expected.
src/data/vocabEntriesN5.ts(1178,38): error TS1005: ';' expected.
src/data/vocabEntriesN5.ts(1178,52): error TS1005: ';' expected.
src/data/vocabEntriesN5.ts(1178,69): error TS1005: ';' expected.
src/data/vocabEntriesN5.ts(1178,96): error TS1005: ';' expected.
src/data/vocabEntriesN5.ts(1178,110): error TS1005: ';' expected.
src/data/vocabEntriesN5.ts(1178,127): error TS1005: ';' expected.
src/data/vocabEntriesN5.ts(1179,9): error TS1005: ';' expected.
src/data/vocabEntriesN5.ts(1180,13): error TS1005: ';' expected.
src/data/vocabEntriesN5.ts(1180,100): error TS1128: Declaration or statement expected.
src/data/vocabEntriesN5.ts(1181,25): error TS1005: ';' expected.
src/data/vocabEntriesN5.ts(1181,39): error TS1005: ';' expected.
src/data/vocabEntriesN5.ts(1181,53): error TS1005: ';' expected.
src/data/vocabEntriesN5.ts(1181,71): error TS1005: ';' expected.
src/data/vocabEntriesN5.ts(1181,97): error TS1005: ';' expected.
src/data/vocabEntriesN5.ts(1181,111): error TS1005: ';' expected.
src/data/vocabEntriesN5.ts(1181,128): error TS1005: ';' expected.
src/data/vocabEntriesN5.ts(1182,9): error TS1005: ';' expected.
src/data/vocabEntriesN5.ts(1183,13): error TS1005: ';' expected.
src/data/vocabEntriesN5.ts(1183,91): error TS1128: Declaration or statement expected.
src/data/vocabEntriesN5.ts(1184,25): error TS1005: ';' expected.
src/data/vocabEntriesN5.ts(1184,39): error TS1005: ';' expected.
src/data/vocabEntriesN5.ts(1184,53): error TS1005: ';' expected.
src/data/vocabEntriesN5.ts(1184,71): error TS1005: ';' expected.
src/data/vocabEntriesN5.ts(1184,100): error TS1005: ';' expected.
src/data/vocabEntriesN5.ts(1184,113): error TS1005: ';' expected.
src/data/vocabEntriesN5.ts(1184,130): error TS1005: ';' expected.
src/data/vocabEntriesN5.ts(1185,9): error TS1005: ';' expected.
src/data/vocabEntriesN5.ts(1186,13): error TS1005: ';' expected.
src/data/vocabEntriesN5.ts(1186,91): error TS1128: Declaration or statement expected.
src/data/vocabEntriesN5.ts(1187,27): error TS1005: ';' expected.
src/data/vocabEntriesN5.ts(1187,42): error TS1005: ';' expected.
src/data/vocabEntriesN5.ts(1187,58): error TS1005: ';' expected.
src/data/vocabEntriesN5.ts(1187,77): error TS1005: ';' expected.
src/data/vocabEntriesN5.ts(1187,105): error TS1005: ';' expected.
src/data/vocabEntriesN5.ts(1187,121): error TS1005: ';' expected.
src/data/vocabEntriesN5.ts(1187,138): error TS1005: ';' expected.
src/data/vocabEntriesN5.ts(1188,9): error TS1005: ';' expected.
src/data/vocabEntriesN5.ts(1189,13): error TS1005: ';' expected.
src/data/vocabEntriesN5.ts(1189,93): error TS1128: Declaration or statement expected.
src/data/vocabEntriesN5.ts(1190,25): error TS1005: ';' expected.
src/data/vocabEntriesN5.ts(1190,40): error TS1005: ';' expected.
src/data/vocabEntriesN5.ts(1190,55): error TS1005: ';' expected.
src/data/vocabEntriesN5.ts(1190,73): error TS1005: ';' expected.
src/data/vocabEntriesN5.ts(1190,97): error TS1005: ';' expected.
src/data/vocabEntriesN5.ts(1190,110): error TS1005: ';' expected.
src/data/vocabEntriesN5.ts(1190,127): error TS1005: ';' expected.
src/data/vocabEntriesN5.ts(1191,9): error TS1005: ';' expected.
src/data/vocabEntriesN5.ts(1192,13): error TS1005: ';' expected.
src/data/vocabEntriesN5.ts(1192,85): error TS1128: Declaration or statement expected.
src/data/vocabEntriesN5.ts(1193,25): error TS1005: ';' expected.
src/data/vocabEntriesN5.ts(1193,40): error TS1005: ';' expected.
src/data/vocabEntriesN5.ts(1193,55): error TS1005: ';' expected.
src/data/vocabEntriesN5.ts(1193,73): error TS1005: ';' expected.
src/data/vocabEntriesN5.ts(1193,89): error TS1005: ';' expected.
src/data/vocabEntriesN5.ts(1193,108): error TS1005: ';' expected.
src/data/vocabEntriesN5.ts(1193,125): error TS1005: ';' expected.
src/data/vocabEntriesN5.ts(1194,9): error TS1005: ';' expected.
src/data/vocabEntriesN5.ts(1195,13): error TS1005: ';' expected.
src/data/vocabEntriesN5.ts(1195,80): error TS1128: Declaration or statement expected.
src/data/vocabEntriesN5.ts(1196,25): error TS1005: ';' expected.
src/data/vocabEntriesN5.ts(1196,39): error TS1005: ';' expected.
src/data/vocabEntriesN5.ts(1196,54): error TS1005: ';' expected.
src/data/vocabEntriesN5.ts(1196,72): error TS1005: ';' expected.
src/data/vocabEntriesN5.ts(1196,97): error TS1005: ';' expected.
src/data/vocabEntriesN5.ts(1196,110): error TS1005: ';' expected.
src/data/vocabEntriesN5.ts(1196,127): error TS1005: ';' expected.
src/data/vocabEntriesN5.ts(1197,9): error TS1005: ';' expected.
src/data/vocabEntriesN5.ts(1198,13): error TS1005: ';' expected.
src/data/vocabEntriesN5.ts(1199,13): error TS1005: ';' expected.
src/data/vocabEntriesN5.ts(1199,63): error TS1128: Declaration or statement expected.
src/data/vocabEntriesN5.ts(1200,24): error TS1005: ';' expected.
src/data/vocabEntriesN5.ts(1200,38): error TS1005: ';' expected.
src/data/vocabEntriesN5.ts(1200,53): error TS1005: ';' expected.
src/data/vocabEntriesN5.ts(1200,70): error TS1005: ';' expected.
src/data/vocabEntriesN5.ts(1200,93): error TS1005: ';' expected.
src/data/vocabEntriesN5.ts(1200,105): error TS1005: ';' expected.
src/data/vocabEntriesN5.ts(1200,122): error TS1005: ';' expected.
src/data/vocabEntriesN5.ts(1201,9): error TS1005: ';' expected.
src/data/vocabEntriesN5.ts(1202,13): error TS1005: ';' expected.
src/data/vocabEntriesN5.ts(1202,80): error TS1128: Declaration or statement expected.
src/data/vocabEntriesN5.ts(1203,26): error TS1005: ';' expected.
src/data/vocabEntriesN5.ts(1203,43): error TS1005: ';' expected.
src/data/vocabEntriesN5.ts(1203,59): error TS1005: ';' expected.
src/data/vocabEntriesN5.ts(1203,78): error TS1005: ';' expected.
src/data/vocabEntriesN5.ts(1203,106): error TS1005: ';' expected.
src/data/vocabEntriesN5.ts(1203,122): error TS1005: ';' expected.
src/data/vocabEntriesN5.ts(1203,139): error TS1005: ';' expected.
src/data/vocabEntriesN5.ts(1204,9): error TS1005: ';' expected.
src/data/vocabEntriesN5.ts(1205,13): error TS1005: ';' expected.
src/data/vocabEntriesN5.ts(1205,83): error TS1128: Declaration or statement expected.
src/data/vocabEntriesN5.ts(1206,23): error TS1005: ';' expected.
src/data/vocabEntriesN5.ts(1206,38): error TS1005: ';' expected.
src/data/vocabEntriesN5.ts(1206,52): error TS1005: ';' expected.
src/data/vocabEntriesN5.ts(1206,68): error TS1005: ';' expected.
src/data/vocabEntriesN5.ts(1206,96): error TS1005: ';' expected.
src/data/vocabEntriesN5.ts(1206,114): error TS1005: ';' expected.
src/data/vocabEntriesN5.ts(1206,131): error TS1005: ';' expected.
src/data/vocabEntriesN5.ts(1207,9): error TS1005: ';' expected.
src/data/vocabEntriesN5.ts(1208,13): error TS1005: ';' expected.
src/data/vocabEntriesN5.ts(1208,87): error TS1128: Declaration or statement expected.
src/data/vocabEntriesN5.ts(1209,24): error TS1005: ';' expected.
src/data/vocabEntriesN5.ts(1209,38): error TS1005: ';' expected.
src/data/vocabEntriesN5.ts(1209,52): error TS1005: ';' expected.
src/data/vocabEntriesN5.ts(1209,69): error TS1005: ';' expected.
src/data/vocabEntriesN5.ts(1209,99): error TS1005: ';' expected.
src/data/vocabEntriesN5.ts(1209,113): error TS1005: ';' expected.
src/data/vocabEntriesN5.ts(1209,130): error TS1005: ';' expected.
src/data/vocabEntriesN5.ts(1210,9): error TS1005: ';' expected.
src/data/vocabEntriesN5.ts(1211,13): error TS1005: ';' expected.
src/data/vocabEntriesN5.ts(1216,13): error TS1005: ';' expected.
src/data/vocabEntriesN5.ts(1217,12): error TS1005: ';' expected.
src/data/vocabEntriesN5.ts(1221,4): error TS1128: Declaration or statement expected.
src/data/vocabEntriesN5.ts(1222,1): error TS1128: Declaration or statement expected.
